main.c:75:6:HAL_UART_RxCpltCallback	16	static
main.c:87:5:main	8	static
main.c:150:6:SystemClock_Config	88	static
main.c:193:13:MX_ADC1_Init	24	static
main.c:238:13:MX_TIM2_Init	32	static
main.c:283:13:MX_USART2_UART_Init	8	static
main.c:316:13:MX_GPIO_Init	40	static
main.c:360:6:Toggle_RED	8	static
main.c:365:6:Toggle_GREEN	8	static
main.c:370:6:Toggle_PINK	8	static
main.c:375:6:Toggle_WHITE	8	static
main.c:380:6:print_time	24	static
main.c:389:6:HAL_TIM_PeriodElapsedCallback	16	static
main.c:401:6:Error_Handler	4	static,ignoring_inline_asm
